// Jest Snapshot v1, https://goo.gl/fbAQLP

exports[`Test for ErrorMessage component Render without crashing renders correctly 1`] = `
<div>
  <div
    class="error-message "
  />
</div>
`;
