// Jest Snapshot v1, https://goo.gl/fbAQLP

exports[`Test for CreatePassword component Render without crashing renders correctly 1`] = `
<div>
  <div>
    <div
      class="card undefined"
    >
      <div
        class="title"
      >
        <svg />
        <p>
          Create a password
        </p>
      </div>
      <form>
        <div
          class="create-password"
        >
          <div
            class="fields"
          >
            <div
              class="input-field "
            >
              <div
                class="label"
              >
                New password
              </div>
              <div
                class="input-wrapper"
              >
                <input
                  class="input"
                  name="pwd"
                  placeholder="Make it unique (min. 8 characters)"
                  type="password"
                  value=""
                />
                <svg
                  class="toggle-display"
                />
              </div>
            </div>
            <div
              class="input-field "
            >
              <div
                class="label"
              >
                Confirm password
              </div>
              <div
                class="input-wrapper"
              >
                <input
                  class="input"
                  name="pwdConfirm"
                  placeholder=""
                  type="password"
                  value=""
                />
                <svg
                  class="toggle-display"
                />
              </div>
            </div>
          </div>
          <div
            class="term-service"
          >
            <div
              class="checkbox"
            >
              <div
                class="checkbox-container term-service-checkbox"
              >
                <div
                  class="checkbox-input"
                >
                  <input
                    class="checkbox-hidden"
                    name="checkbox"
                    type="checkbox"
                  />
                  <div
                    class="checkbox-styled"
                    style="background: rgb(255, 255, 255);"
                  >
                    <div
                      class="check-mark-icon"
                      style="visibility: hidden;"
                    >
                      <svg />
                    </div>
                  </div>
                </div>
              </div>
            </div>
            <label>
              I agree with the 
              <a
                href="#"
              >
                Terms of Service
              </a>
            </label>
          </div>
          <div
            class="button"
          >
            <button
              class="button-shared button-filled import-button"
            >
              Create Wallet
            </button>
          </div>
        </div>
      </form>
    </div>
  </div>
</div>
`;
