// Jest Snapshot v1, https://goo.gl/fbAQLP

exports[`Test for NotificationMessage component Render without crashing renders correctly 1`] = `
<div>
  <div
    class="notification-message "
  />
</div>
`;
