// Jest Snapshot v1, https://goo.gl/fbAQLP

exports[`Test for AccountLockScreen component Render without crashing renders correctly 1`] = `
<div>
  <div
    class="unlock-screen"
  >
    <div
      class="screen-header"
    >
      <svg
        class="koi-icon"
        height="130"
        width="130"
      />
      <div
        class="title"
      >
        Koi Wallet
      </div>
    </div>
    <div
      class="screen-content"
    >
      <div
        class="welcome"
      >
        Welcome back
      </div>
      <div
        class="input-field input-password"
      >
        <div
          class="label"
        >
          Enter your password
        </div>
        <div
          class="input-wrapper"
        >
          <input
            class="input"
            name=""
            placeholder=""
            type="password"
            value=""
          />
          <svg
            class="toggle-display"
          />
        </div>
      </div>
      <button
        class="button-shared button-filled unlock-button"
      >
        Unlock
      </button>
      <div
        class="seed-phrase"
      >
        Import my account using myÂ 
        <a
          class="link-to-seed-phrase"
          href="/account/login/phrase"
        >
          seed phrase
        </a>
        .
      </div>
    </div>
  </div>
</div>
`;
