// Jest Snapshot v1, https://goo.gl/fbAQLP

exports[`Test for CreatePassword component Render without crashing renders correctly 1`] = `
<div>
  <div
    class="create-password"
  >
    <div
      class="fields"
    >
      <div
        class="input-field "
      >
        <div
          class="label"
        >
          New password
        </div>
        <div
          class="input-wrapper"
        >
          <input
            class="input"
            name="pwd"
            placeholder="Make it unique (min. 8 characters)"
            type="password"
            value=""
          />
          <svg
            class="toggle-display"
          />
        </div>
      </div>
      <div
        class="input-field "
      >
        <div
          class="label"
        >
          Confirm password
        </div>
        <div
          class="input-wrapper"
        >
          <input
            class="input"
            name="pwdConfirm"
            placeholder=""
            type="password"
            value=""
          />
          <svg
            class="toggle-display"
          />
        </div>
      </div>
    </div>
    <div
      class="term-service"
    >
      <div
        class="checkbox"
      >
        <input
          name="checkbox"
          type="checkbox"
          value="false"
        />
      </div>
      <label>
        I agree with the 
        <a
          href="#"
        >
          Terms of Service
        </a>
      </label>
    </div>
    <div
      class="button"
    >
      <button
        class="button-shared button-filled "
      >
        Import Wallet
      </button>
    </div>
  </div>
</div>
`;
