// Jest Snapshot v1, https://goo.gl/fbAQLP

exports[`Test for AccountHome component Render without crashing renders correctly 1`] = `
<div>
  <div>
    <a
      class="plus-button"
      href="/account/import"
    >
      <svg />
    </a>
  </div>
</div>
`;
