// Jest Snapshot v1, https://goo.gl/fbAQLP

exports[`Test for Button component Render without crashing renders correctly 1`] = `
<div>
  <button
    class="button-shared button-filled "
  >
    Click Me
  </button>
</div>
`;
