// Jest Snapshot v1, https://goo.gl/fbAQLP

exports[`Test for Loading component Render without crashing renders correctly 1`] = `
<div>
  <div
    class="loading-screen"
  >
    <img
      class="loading-icon"
      src="[object Object]"
    />
  </div>
</div>
`;
